Archive member included to satisfy reference by file (symbol)

d:/microchip studio/7.0/toolchain/avr8/avr8-gnu-toolchain/bin/../lib/gcc/avr/5.4.0/../../../../avr/lib/avr5\libm.a(floatsisf.o)
                              MCAL/UART/uart.o (__floatunsisf)
d:/microchip studio/7.0/toolchain/avr8/avr8-gnu-toolchain/bin/../lib/gcc/avr/5.4.0/../../../../avr/lib/avr5\libm.a(lrint.o)
                              MCAL/UART/uart.o (lrint)
d:/microchip studio/7.0/toolchain/avr8/avr8-gnu-toolchain/bin/../lib/gcc/avr/5.4.0/../../../../avr/lib/avr5\libm.a(fp_split3.o)
                              d:/microchip studio/7.0/toolchain/avr8/avr8-gnu-toolchain/bin/../lib/gcc/avr/5.4.0/../../../../avr/lib/avr5\libm.a(lrint.o) (__fp_splitA)
d:/microchip studio/7.0/toolchain/avr8/avr8-gnu-toolchain/bin/../lib/gcc/avr/5.4.0/../../../../avr/lib/avr5\libm.a(fp_zero.o)
                              d:/microchip studio/7.0/toolchain/avr8/avr8-gnu-toolchain/bin/../lib/gcc/avr/5.4.0/../../../../avr/lib/avr5\libm.a(lrint.o) (__fp_zero)
d:/microchip studio/7.0/toolchain/avr8/avr8-gnu-toolchain/bin/../lib/gcc/avr/5.4.0/avr5\libgcc.a(_udivmodsi4.o)
                              MCAL/UART/uart.o (__udivmodsi4)
d:/microchip studio/7.0/toolchain/avr8/avr8-gnu-toolchain/bin/../lib/gcc/avr/5.4.0/avr5\libgcc.a(_exit.o)
                              D:/Microchip Studio/7.0/Packs/atmel/ATmega_DFP/1.7.374/gcc/dev/atmega32/avr5/crtatmega32.o (exit)
d:/microchip studio/7.0/toolchain/avr8/avr8-gnu-toolchain/bin/../lib/gcc/avr/5.4.0/avr5\libgcc.a(_copy_data.o)
                              APP/APP.o (__do_copy_data)
d:/microchip studio/7.0/toolchain/avr8/avr8-gnu-toolchain/bin/../lib/gcc/avr/5.4.0/avr5\libgcc.a(_clear_bss.o)
                              APP/APP.o (__do_clear_bss)
d:/microchip studio/7.0/toolchain/avr8/avr8-gnu-toolchain/bin/../lib/gcc/avr/5.4.0/avr5\libgcc.a(_umulhisi3.o)
                              ECUAL/LCD/lcd.o (__umulhisi3)

Allocating common symbols
Common symbol       size              file

x                   0x2               MCAL/INTERRUPT/EXT0/EXTI0_prog.o
UBRR_Value          0x2               MCAL/UART/uart.o

Discarded input sections

 .data          0x00000000        0x0 D:/Microchip Studio/7.0/Packs/atmel/ATmega_DFP/1.7.374/gcc/dev/atmega32/avr5/crtatmega32.o
 .bss           0x00000000        0x0 D:/Microchip Studio/7.0/Packs/atmel/ATmega_DFP/1.7.374/gcc/dev/atmega32/avr5/crtatmega32.o
 .text          0x00000000        0x0 APP/APP.o
 .data          0x00000000        0x0 APP/APP.o
 .bss           0x00000000        0x0 APP/APP.o
 .text          0x00000000        0x0 ECUAL/BUZZER/buzzer.o
 .data          0x00000000        0x0 ECUAL/BUZZER/buzzer.o
 .bss           0x00000000        0x0 ECUAL/BUZZER/buzzer.o
 .text          0x00000000        0x0 ECUAL/IR/IR.o
 .data          0x00000000        0x0 ECUAL/IR/IR.o
 .bss           0x00000000        0x0 ECUAL/IR/IR.o
 .text.IR_Init  0x00000000        0xc ECUAL/IR/IR.o
 .text.IR_Read  0x00000000        0xa ECUAL/IR/IR.o
 .debug_info    0x00000000      0x184 ECUAL/IR/IR.o
 .debug_abbrev  0x00000000       0xb0 ECUAL/IR/IR.o
 .debug_aranges
                0x00000000       0x28 ECUAL/IR/IR.o
 .debug_ranges  0x00000000       0x18 ECUAL/IR/IR.o
 .debug_line    0x00000000       0xc7 ECUAL/IR/IR.o
 .debug_str     0x00000000      0x24d ECUAL/IR/IR.o
 .comment       0x00000000       0x31 ECUAL/IR/IR.o
 .debug_frame   0x00000000       0x34 ECUAL/IR/IR.o
 .text          0x00000000        0x0 ECUAL/KEYPAD/keypad.o
 .data          0x00000000        0x0 ECUAL/KEYPAD/keypad.o
 .bss           0x00000000        0x0 ECUAL/KEYPAD/keypad.o
 .text          0x00000000        0x0 ECUAL/LCD/lcd.o
 .data          0x00000000        0x0 ECUAL/LCD/lcd.o
 .bss           0x00000000        0x0 ECUAL/LCD/lcd.o
 .text.lcd_vidsendnumber
                0x00000000       0xce ECUAL/LCD/lcd.o
 .text          0x00000000        0x0 ECUAL/LCD/lcd_cfg.o
 .data          0x00000000        0x0 ECUAL/LCD/lcd_cfg.o
 .bss           0x00000000        0x0 ECUAL/LCD/lcd_cfg.o
 .text          0x00000000        0x0 ECUAL/SERVO/servo.o
 .data          0x00000000        0x0 ECUAL/SERVO/servo.o
 .bss           0x00000000        0x0 ECUAL/SERVO/servo.o
 .text.servo_set_angle
                0x00000000       0x30 ECUAL/SERVO/servo.o
 .text          0x00000000        0x0 main.o
 .data          0x00000000        0x0 main.o
 .bss           0x00000000        0x0 main.o
 .bss.PersonEnteredFlag
                0x00000000        0x1 main.o
 .bss.PasswordCorrectFlag
                0x00000000        0x1 main.o
 .bss.flag      0x00000000        0x1 main.o
 .bss.NewPassword
                0x00000000        0x4 main.o
 .bss.password  0x00000000        0x4 main.o
 .text          0x00000000        0x0 MCAL/DIO/dio.o
 .data          0x00000000        0x0 MCAL/DIO/dio.o
 .bss           0x00000000        0x0 MCAL/DIO/dio.o
 .text.dio_vidWriteChannelGroup
                0x00000000        0x2 MCAL/DIO/dio.o
 .text.dio_vidFlipChannel
                0x00000000       0x68 MCAL/DIO/dio.o
 .text.dio_vidEnablePullUp
                0x00000000        0x2 MCAL/DIO/dio.o
 .text          0x00000000        0x0 MCAL/EEPROM/EPROM.o
 .data          0x00000000        0x0 MCAL/EEPROM/EPROM.o
 .bss           0x00000000        0x0 MCAL/EEPROM/EPROM.o
 .text          0x00000000        0x0 MCAL/I2C/I2C_program.o
 .data          0x00000000        0x0 MCAL/I2C/I2C_program.o
 .bss           0x00000000        0x0 MCAL/I2C/I2C_program.o
 .text.I2C_Master_voidInit
                0x00000000       0x24 MCAL/I2C/I2C_program.o
 .text.I2C_Slave_voidInit
                0x00000000       0x28 MCAL/I2C/I2C_program.o
 .text.I2C_Master_enuSendStartCond
                0x00000000       0x22 MCAL/I2C/I2C_program.o
 .text.I2C_Master_enuSendRepeatedStartCond
                0x00000000       0x22 MCAL/I2C/I2C_program.o
 .text.I2C_Master_enuSendSlaveAddressWithRead
                0x00000000       0x2c MCAL/I2C/I2C_program.o
 .text.I2C_Master_enuSendSlaveAddressWithWrite
                0x00000000       0x2c MCAL/I2C/I2C_program.o
 .text.I2C_Master_enuSendu8Data
                0x00000000       0x1e MCAL/I2C/I2C_program.o
 .text.I2C_Master_enuReadu8Data
                0x00000000       0x22 MCAL/I2C/I2C_program.o
 .text.I2C_Master_enuSendStopCond
                0x00000000        0xe MCAL/I2C/I2C_program.o
 .text.I2C_Slave_voidListen
                0x00000000        0x8 MCAL/I2C/I2C_program.o
 .text.I2C_Slave_enuReadu8Data
                0x00000000       0x22 MCAL/I2C/I2C_program.o
 .debug_info    0x00000000      0x2af MCAL/I2C/I2C_program.o
 .debug_abbrev  0x00000000       0xe2 MCAL/I2C/I2C_program.o
 .debug_loc     0x00000000      0x1f9 MCAL/I2C/I2C_program.o
 .debug_aranges
                0x00000000       0x70 MCAL/I2C/I2C_program.o
 .debug_ranges  0x00000000       0x60 MCAL/I2C/I2C_program.o
 .debug_line    0x00000000      0x2d4 MCAL/I2C/I2C_program.o
 .debug_str     0x00000000      0x34c MCAL/I2C/I2C_program.o
 .comment       0x00000000       0x31 MCAL/I2C/I2C_program.o
 .debug_frame   0x00000000       0xc4 MCAL/I2C/I2C_program.o
 .text          0x00000000        0x0 MCAL/INTERRUPT/EXT0/EXTI0_prog.o
 .data          0x00000000        0x0 MCAL/INTERRUPT/EXT0/EXTI0_prog.o
 .bss           0x00000000        0x0 MCAL/INTERRUPT/EXT0/EXTI0_prog.o
 .text.EXT0_voidDisable
                0x00000000        0x8 MCAL/INTERRUPT/EXT0/EXTI0_prog.o
 .text.EXT0_voidSetSignalch
                0x00000000        0x2 MCAL/INTERRUPT/EXT0/EXTI0_prog.o
 .text          0x00000000        0x0 MCAL/UART/uart.o
 .data          0x00000000        0x0 MCAL/UART/uart.o
 .bss           0x00000000        0x0 MCAL/UART/uart.o
 .text.UART_DataAvailable
                0x00000000       0x16 MCAL/UART/uart.o
 .text.UART_receive_char
                0x00000000       0x42 MCAL/UART/uart.o
 .text.UART_Print
                0x00000000       0x7c MCAL/UART/uart.o
 .text.UART_Println
                0x00000000       0x26 MCAL/UART/uart.o
 .rodata.str1.1
                0x00000000        0x3 MCAL/UART/uart.o
 .text.UART_ReadString
                0x00000000       0xe6 MCAL/UART/uart.o
 .text.UART_Readline
                0x00000000      0x12e MCAL/UART/uart.o
 .data.SerialTransmitBufferPointer
                0x00000000        0x2 MCAL/UART/uart.o
 .data.SerialBufferReader
                0x00000000        0x2 MCAL/UART/uart.o
 COMMON         0x00000000        0x2 MCAL/UART/uart.o
 .text          0x00000000        0x0 d:/microchip studio/7.0/toolchain/avr8/avr8-gnu-toolchain/bin/../lib/gcc/avr/5.4.0/../../../../avr/lib/avr5\libm.a(floatsisf.o)
 .data          0x00000000        0x0 d:/microchip studio/7.0/toolchain/avr8/avr8-gnu-toolchain/bin/../lib/gcc/avr/5.4.0/../../../../avr/lib/avr5\libm.a(floatsisf.o)
 .bss           0x00000000        0x0 d:/microchip studio/7.0/toolchain/avr8/avr8-gnu-toolchain/bin/../lib/gcc/avr/5.4.0/../../../../avr/lib/avr5\libm.a(floatsisf.o)
 .text          0x00000000        0x0 d:/microchip studio/7.0/toolchain/avr8/avr8-gnu-toolchain/bin/../lib/gcc/avr/5.4.0/../../../../avr/lib/avr5\libm.a(lrint.o)
 .data          0x00000000        0x0 d:/microchip studio/7.0/toolchain/avr8/avr8-gnu-toolchain/bin/../lib/gcc/avr/5.4.0/../../../../avr/lib/avr5\libm.a(lrint.o)
 .bss           0x00000000        0x0 d:/microchip studio/7.0/toolchain/avr8/avr8-gnu-toolchain/bin/../lib/gcc/avr/5.4.0/../../../../avr/lib/avr5\libm.a(lrint.o)
 .text          0x00000000        0x0 d:/microchip studio/7.0/toolchain/avr8/avr8-gnu-toolchain/bin/../lib/gcc/avr/5.4.0/../../../../avr/lib/avr5\libm.a(fp_split3.o)
 .data          0x00000000        0x0 d:/microchip studio/7.0/toolchain/avr8/avr8-gnu-toolchain/bin/../lib/gcc/avr/5.4.0/../../../../avr/lib/avr5\libm.a(fp_split3.o)
 .bss           0x00000000        0x0 d:/microchip studio/7.0/toolchain/avr8/avr8-gnu-toolchain/bin/../lib/gcc/avr/5.4.0/../../../../avr/lib/avr5\libm.a(fp_split3.o)
 .text          0x00000000        0x0 d:/microchip studio/7.0/toolchain/avr8/avr8-gnu-toolchain/bin/../lib/gcc/avr/5.4.0/../../../../avr/lib/avr5\libm.a(fp_zero.o)
 .data          0x00000000        0x0 d:/microchip studio/7.0/toolchain/avr8/avr8-gnu-toolchain/bin/../lib/gcc/avr/5.4.0/../../../../avr/lib/avr5\libm.a(fp_zero.o)
 .bss           0x00000000        0x0 d:/microchip studio/7.0/toolchain/avr8/avr8-gnu-toolchain/bin/../lib/gcc/avr/5.4.0/../../../../avr/lib/avr5\libm.a(fp_zero.o)
 .text          0x00000000        0x0 d:/microchip studio/7.0/toolchain/avr8/avr8-gnu-toolchain/bin/../lib/gcc/avr/5.4.0/avr5\libgcc.a(_udivmodsi4.o)
 .data          0x00000000        0x0 d:/microchip studio/7.0/toolchain/avr8/avr8-gnu-toolchain/bin/../lib/gcc/avr/5.4.0/avr5\libgcc.a(_udivmodsi4.o)
 .bss           0x00000000        0x0 d:/microchip studio/7.0/toolchain/avr8/avr8-gnu-toolchain/bin/../lib/gcc/avr/5.4.0/avr5\libgcc.a(_udivmodsi4.o)
 .text.libgcc.mul
                0x00000000        0x0 d:/microchip studio/7.0/toolchain/avr8/avr8-gnu-toolchain/bin/../lib/gcc/avr/5.4.0/avr5\libgcc.a(_udivmodsi4.o)
 .text.libgcc   0x00000000        0x0 d:/microchip studio/7.0/toolchain/avr8/avr8-gnu-toolchain/bin/../lib/gcc/avr/5.4.0/avr5\libgcc.a(_udivmodsi4.o)
 .text.libgcc.prologue
                0x00000000        0x0 d:/microchip studio/7.0/toolchain/avr8/avr8-gnu-toolchain/bin/../lib/gcc/avr/5.4.0/avr5\libgcc.a(_udivmodsi4.o)
 .text.libgcc.builtins
                0x00000000        0x0 d:/microchip studio/7.0/toolchain/avr8/avr8-gnu-toolchain/bin/../lib/gcc/avr/5.4.0/avr5\libgcc.a(_udivmodsi4.o)
 .text.libgcc.fmul
                0x00000000        0x0 d:/microchip studio/7.0/toolchain/avr8/avr8-gnu-toolchain/bin/../lib/gcc/avr/5.4.0/avr5\libgcc.a(_udivmodsi4.o)
 .text.libgcc.fixed
                0x00000000        0x0 d:/microchip studio/7.0/toolchain/avr8/avr8-gnu-toolchain/bin/../lib/gcc/avr/5.4.0/avr5\libgcc.a(_udivmodsi4.o)
 .text          0x00000000        0x0 d:/microchip studio/7.0/toolchain/avr8/avr8-gnu-toolchain/bin/../lib/gcc/avr/5.4.0/avr5\libgcc.a(_exit.o)
 .data          0x00000000        0x0 d:/microchip studio/7.0/toolchain/avr8/avr8-gnu-toolchain/bin/../lib/gcc/avr/5.4.0/avr5\libgcc.a(_exit.o)
 .bss           0x00000000        0x0 d:/microchip studio/7.0/toolchain/avr8/avr8-gnu-toolchain/bin/../lib/gcc/avr/5.4.0/avr5\libgcc.a(_exit.o)
 .text.libgcc.mul
                0x00000000        0x0 d:/microchip studio/7.0/toolchain/avr8/avr8-gnu-toolchain/bin/../lib/gcc/avr/5.4.0/avr5\libgcc.a(_exit.o)
 .text.libgcc.div
                0x00000000        0x0 d:/microchip studio/7.0/toolchain/avr8/avr8-gnu-toolchain/bin/../lib/gcc/avr/5.4.0/avr5\libgcc.a(_exit.o)
 .text.libgcc   0x00000000        0x0 d:/microchip studio/7.0/toolchain/avr8/avr8-gnu-toolchain/bin/../lib/gcc/avr/5.4.0/avr5\libgcc.a(_exit.o)
 .text.libgcc.prologue
                0x00000000        0x0 d:/microchip studio/7.0/toolchain/avr8/avr8-gnu-toolchain/bin/../lib/gcc/avr/5.4.0/avr5\libgcc.a(_exit.o)
 .text.libgcc.builtins
                0x00000000        0x0 d:/microchip studio/7.0/toolchain/avr8/avr8-gnu-toolchain/bin/../lib/gcc/avr/5.4.0/avr5\libgcc.a(_exit.o)
 .text.libgcc.fmul
                0x00000000        0x0 d:/microchip studio/7.0/toolchain/avr8/avr8-gnu-toolchain/bin/../lib/gcc/avr/5.4.0/avr5\libgcc.a(_exit.o)
 .text.libgcc.fixed
                0x00000000        0x0 d:/microchip studio/7.0/toolchain/avr8/avr8-gnu-toolchain/bin/../lib/gcc/avr/5.4.0/avr5\libgcc.a(_exit.o)
 .text          0x00000000        0x0 d:/microchip studio/7.0/toolchain/avr8/avr8-gnu-toolchain/bin/../lib/gcc/avr/5.4.0/avr5\libgcc.a(_copy_data.o)
 .data          0x00000000        0x0 d:/microchip studio/7.0/toolchain/avr8/avr8-gnu-toolchain/bin/../lib/gcc/avr/5.4.0/avr5\libgcc.a(_copy_data.o)
 .bss           0x00000000        0x0 d:/microchip studio/7.0/toolchain/avr8/avr8-gnu-toolchain/bin/../lib/gcc/avr/5.4.0/avr5\libgcc.a(_copy_data.o)
 .text.libgcc.mul
                0x00000000        0x0 d:/microchip studio/7.0/toolchain/avr8/avr8-gnu-toolchain/bin/../lib/gcc/avr/5.4.0/avr5\libgcc.a(_copy_data.o)
 .text.libgcc.div
                0x00000000        0x0 d:/microchip studio/7.0/toolchain/avr8/avr8-gnu-toolchain/bin/../lib/gcc/avr/5.4.0/avr5\libgcc.a(_copy_data.o)
 .text.libgcc   0x00000000        0x0 d:/microchip studio/7.0/toolchain/avr8/avr8-gnu-toolchain/bin/../lib/gcc/avr/5.4.0/avr5\libgcc.a(_copy_data.o)
 .text.libgcc.prologue
                0x00000000        0x0 d:/microchip studio/7.0/toolchain/avr8/avr8-gnu-toolchain/bin/../lib/gcc/avr/5.4.0/avr5\libgcc.a(_copy_data.o)
 .text.libgcc.builtins
                0x00000000        0x0 d:/microchip studio/7.0/toolchain/avr8/avr8-gnu-toolchain/bin/../lib/gcc/avr/5.4.0/avr5\libgcc.a(_copy_data.o)
 .text.libgcc.fmul
                0x00000000        0x0 d:/microchip studio/7.0/toolchain/avr8/avr8-gnu-toolchain/bin/../lib/gcc/avr/5.4.0/avr5\libgcc.a(_copy_data.o)
 .text.libgcc.fixed
                0x00000000        0x0 d:/microchip studio/7.0/toolchain/avr8/avr8-gnu-toolchain/bin/../lib/gcc/avr/5.4.0/avr5\libgcc.a(_copy_data.o)
 .text          0x00000000        0x0 d:/microchip studio/7.0/toolchain/avr8/avr8-gnu-toolchain/bin/../lib/gcc/avr/5.4.0/avr5\libgcc.a(_clear_bss.o)
 .data          0x00000000        0x0 d:/microchip studio/7.0/toolchain/avr8/avr8-gnu-toolchain/bin/../lib/gcc/avr/5.4.0/avr5\libgcc.a(_clear_bss.o)
 .bss           0x00000000        0x0 d:/microchip studio/7.0/toolchain/avr8/avr8-gnu-toolchain/bin/../lib/gcc/avr/5.4.0/avr5\libgcc.a(_clear_bss.o)
 .text.libgcc.mul
                0x00000000        0x0 d:/microchip studio/7.0/toolchain/avr8/avr8-gnu-toolchain/bin/../lib/gcc/avr/5.4.0/avr5\libgcc.a(_clear_bss.o)
 .text.libgcc.div
                0x00000000        0x0 d:/microchip studio/7.0/toolchain/avr8/avr8-gnu-toolchain/bin/../lib/gcc/avr/5.4.0/avr5\libgcc.a(_clear_bss.o)
 .text.libgcc   0x00000000        0x0 d:/microchip studio/7.0/toolchain/avr8/avr8-gnu-toolchain/bin/../lib/gcc/avr/5.4.0/avr5\libgcc.a(_clear_bss.o)
 .text.libgcc.prologue
                0x00000000        0x0 d:/microchip studio/7.0/toolchain/avr8/avr8-gnu-toolchain/bin/../lib/gcc/avr/5.4.0/avr5\libgcc.a(_clear_bss.o)
 .text.libgcc.builtins
                0x00000000        0x0 d:/microchip studio/7.0/toolchain/avr8/avr8-gnu-toolchain/bin/../lib/gcc/avr/5.4.0/avr5\libgcc.a(_clear_bss.o)
 .text.libgcc.fmul
                0x00000000        0x0 d:/microchip studio/7.0/toolchain/avr8/avr8-gnu-toolchain/bin/../lib/gcc/avr/5.4.0/avr5\libgcc.a(_clear_bss.o)
 .text.libgcc.fixed
                0x00000000        0x0 d:/microchip studio/7.0/toolchain/avr8/avr8-gnu-toolchain/bin/../lib/gcc/avr/5.4.0/avr5\libgcc.a(_clear_bss.o)
 .text          0x00000000        0x0 d:/microchip studio/7.0/toolchain/avr8/avr8-gnu-toolchain/bin/../lib/gcc/avr/5.4.0/avr5\libgcc.a(_umulhisi3.o)
 .data          0x00000000        0x0 d:/microchip studio/7.0/toolchain/avr8/avr8-gnu-toolchain/bin/../lib/gcc/avr/5.4.0/avr5\libgcc.a(_umulhisi3.o)
 .bss           0x00000000        0x0 d:/microchip studio/7.0/toolchain/avr8/avr8-gnu-toolchain/bin/../lib/gcc/avr/5.4.0/avr5\libgcc.a(_umulhisi3.o)
 .text.libgcc.mul
                0x00000000       0x1e d:/microchip studio/7.0/toolchain/avr8/avr8-gnu-toolchain/bin/../lib/gcc/avr/5.4.0/avr5\libgcc.a(_umulhisi3.o)
 .text.libgcc.div
                0x00000000        0x0 d:/microchip studio/7.0/toolchain/avr8/avr8-gnu-toolchain/bin/../lib/gcc/avr/5.4.0/avr5\libgcc.a(_umulhisi3.o)
 .text.libgcc   0x00000000        0x0 d:/microchip studio/7.0/toolchain/avr8/avr8-gnu-toolchain/bin/../lib/gcc/avr/5.4.0/avr5\libgcc.a(_umulhisi3.o)
 .text.libgcc.prologue
                0x00000000        0x0 d:/microchip studio/7.0/toolchain/avr8/avr8-gnu-toolchain/bin/../lib/gcc/avr/5.4.0/avr5\libgcc.a(_umulhisi3.o)
 .text.libgcc.builtins
                0x00000000        0x0 d:/microchip studio/7.0/toolchain/avr8/avr8-gnu-toolchain/bin/../lib/gcc/avr/5.4.0/avr5\libgcc.a(_umulhisi3.o)
 .text.libgcc.fmul
                0x00000000        0x0 d:/microchip studio/7.0/toolchain/avr8/avr8-gnu-toolchain/bin/../lib/gcc/avr/5.4.0/avr5\libgcc.a(_umulhisi3.o)
 .text.libgcc.fixed
                0x00000000        0x0 d:/microchip studio/7.0/toolchain/avr8/avr8-gnu-toolchain/bin/../lib/gcc/avr/5.4.0/avr5\libgcc.a(_umulhisi3.o)

Memory Configuration

Name             Origin             Length             Attributes
text             0x00000000         0x00008000         xr
data             0x00800060         0x00000800         rw !x
eeprom           0x00810000         0x00000400         rw !x
fuse             0x00820000         0x00000002         rw !x
lock             0x00830000         0x00000400         rw !x
signature        0x00840000         0x00000400         rw !x
user_signatures  0x00850000         0x00000400         rw !x
*default*        0x00000000         0xffffffff

Linker script and memory map

LOAD D:/Microchip Studio/7.0/Packs/atmel/ATmega_DFP/1.7.374/gcc/dev/atmega32/avr5/crtatmega32.o
LOAD APP/APP.o
LOAD ECUAL/BUZZER/buzzer.o
LOAD ECUAL/IR/IR.o
LOAD ECUAL/KEYPAD/keypad.o
LOAD ECUAL/LCD/lcd.o
LOAD ECUAL/LCD/lcd_cfg.o
LOAD ECUAL/SERVO/servo.o
LOAD main.o
LOAD MCAL/DIO/dio.o
LOAD MCAL/EEPROM/EPROM.o
LOAD MCAL/I2C/I2C_program.o
LOAD MCAL/INTERRUPT/EXT0/EXTI0_prog.o
LOAD MCAL/UART/uart.o
START GROUP
LOAD d:/microchip studio/7.0/toolchain/avr8/avr8-gnu-toolchain/bin/../lib/gcc/avr/5.4.0/../../../../avr/lib/avr5\libm.a
END GROUP
START GROUP
LOAD d:/microchip studio/7.0/toolchain/avr8/avr8-gnu-toolchain/bin/../lib/gcc/avr/5.4.0/avr5\libgcc.a
LOAD d:/microchip studio/7.0/toolchain/avr8/avr8-gnu-toolchain/bin/../lib/gcc/avr/5.4.0/../../../../avr/lib/avr5\libm.a
LOAD d:/microchip studio/7.0/toolchain/avr8/avr8-gnu-toolchain/bin/../lib/gcc/avr/5.4.0/../../../../avr/lib/avr5\libc.a
LOAD D:/Microchip Studio/7.0/Packs/atmel/ATmega_DFP/1.7.374/gcc/dev/atmega32/avr5\libatmega32.a
END GROUP
                0x00000000                __TEXT_REGION_ORIGIN__ = DEFINED (__TEXT_REGION_ORIGIN__)?__TEXT_REGION_ORIGIN__:0x0
                [0x00800060]                __DATA_REGION_ORIGIN__ = DEFINED (__DATA_REGION_ORIGIN__)?__DATA_REGION_ORIGIN__:0x800060
                [0x00008000]                __TEXT_REGION_LENGTH__ = DEFINED (__TEXT_REGION_LENGTH__)?__TEXT_REGION_LENGTH__:0x20000
                [0x00000800]                __DATA_REGION_LENGTH__ = DEFINED (__DATA_REGION_LENGTH__)?__DATA_REGION_LENGTH__:0xffa0
                [0x00000400]                __EEPROM_REGION_LENGTH__ = DEFINED (__EEPROM_REGION_LENGTH__)?__EEPROM_REGION_LENGTH__:0x10000
                [0x00000002]                __FUSE_REGION_LENGTH__ = DEFINED (__FUSE_REGION_LENGTH__)?__FUSE_REGION_LENGTH__:0x400
                0x00000400                __LOCK_REGION_LENGTH__ = DEFINED (__LOCK_REGION_LENGTH__)?__LOCK_REGION_LENGTH__:0x400
                0x00000400                __SIGNATURE_REGION_LENGTH__ = DEFINED (__SIGNATURE_REGION_LENGTH__)?__SIGNATURE_REGION_LENGTH__:0x400
                0x00000400                __USER_SIGNATURE_REGION_LENGTH__ = DEFINED (__USER_SIGNATURE_REGION_LENGTH__)?__USER_SIGNATURE_REGION_LENGTH__:0x400

.hash
 *(.hash)

.dynsym
 *(.dynsym)

.dynstr
 *(.dynstr)

.gnu.version
 *(.gnu.version)

.gnu.version_d
 *(.gnu.version_d)

.gnu.version_r
 *(.gnu.version_r)

.rel.init
 *(.rel.init)

.rela.init
 *(.rela.init)

.rel.text
 *(.rel.text)
 *(.rel.text.*)
 *(.rel.gnu.linkonce.t*)

.rela.text
 *(.rela.text)
 *(.rela.text.*)
 *(.rela.gnu.linkonce.t*)

.rel.fini
 *(.rel.fini)

.rela.fini
 *(.rela.fini)

.rel.rodata
 *(.rel.rodata)
 *(.rel.rodata.*)
 *(.rel.gnu.linkonce.r*)

.rela.rodata
 *(.rela.rodata)
 *(.rela.rodata.*)
 *(.rela.gnu.linkonce.r*)

.rel.data
 *(.rel.data)
 *(.rel.data.*)
 *(.rel.gnu.linkonce.d*)

.rela.data
 *(.rela.data)
 *(.rela.data.*)
 *(.rela.gnu.linkonce.d*)

.rel.ctors
 *(.rel.ctors)

.rela.ctors
 *(.rela.ctors)

.rel.dtors
 *(.rel.dtors)

.rela.dtors
 *(.rela.dtors)

.rel.got
 *(.rel.got)

.rela.got
 *(.rela.got)

.rel.bss
 *(.rel.bss)

.rela.bss
 *(.rela.bss)

.rel.plt
 *(.rel.plt)

.rela.plt
 *(.rela.plt)

.text           0x00000000      0xdb0
 *(.vectors)
 .vectors       0x00000000       0x54 D:/Microchip Studio/7.0/Packs/atmel/ATmega_DFP/1.7.374/gcc/dev/atmega32/avr5/crtatmega32.o
                0x00000000                __vector_default
                0x00000000                __vectors
 *(.vectors)
 *(.progmem.gcc*)
                0x00000054                . = ALIGN (0x2)
                0x00000054                __trampolines_start = .
 *(.trampolines)
 .trampolines   0x00000054        0x0 linker stubs
 *(.trampolines*)
                0x00000054                __trampolines_end = .
 *libprintf_flt.a:*(.progmem.data)
 *libc.a:*(.progmem.data)
 *(.progmem*)
                0x00000054                . = ALIGN (0x2)
 *(.jumptables)
 *(.jumptables*)
 *(.lowtext)
 *(.lowtext*)
                0x00000054                __ctors_start = .
 *(.ctors)
                0x00000054                __ctors_end = .
                0x00000054                __dtors_start = .
 *(.dtors)
                0x00000054                __dtors_end = .
 SORT(*)(.ctors)
 SORT(*)(.dtors)
 *(.init0)
 .init0         0x00000054        0x0 D:/Microchip Studio/7.0/Packs/atmel/ATmega_DFP/1.7.374/gcc/dev/atmega32/avr5/crtatmega32.o
                0x00000054                __init
 *(.init0)
 *(.init1)
 *(.init1)
 *(.init2)
 .init2         0x00000054        0xc D:/Microchip Studio/7.0/Packs/atmel/ATmega_DFP/1.7.374/gcc/dev/atmega32/avr5/crtatmega32.o
 *(.init2)
 *(.init3)
 *(.init3)
 *(.init4)
 .init4         0x00000060       0x16 d:/microchip studio/7.0/toolchain/avr8/avr8-gnu-toolchain/bin/../lib/gcc/avr/5.4.0/avr5\libgcc.a(_copy_data.o)
                0x00000060                __do_copy_data
 .init4         0x00000076       0x10 d:/microchip studio/7.0/toolchain/avr8/avr8-gnu-toolchain/bin/../lib/gcc/avr/5.4.0/avr5\libgcc.a(_clear_bss.o)
                0x00000076                __do_clear_bss
 *(.init4)
 *(.init5)
 *(.init5)
 *(.init6)
 *(.init6)
 *(.init7)
 *(.init7)
 *(.init8)
 *(.init8)
 *(.init9)
 .init9         0x00000086        0x8 D:/Microchip Studio/7.0/Packs/atmel/ATmega_DFP/1.7.374/gcc/dev/atmega32/avr5/crtatmega32.o
 *(.init9)
 *(.text)
 .text          0x0000008e        0x4 D:/Microchip Studio/7.0/Packs/atmel/ATmega_DFP/1.7.374/gcc/dev/atmega32/avr5/crtatmega32.o
                0x0000008e                __vector_12
                0x0000008e                __bad_interrupt
                0x0000008e                __vector_6
                0x0000008e                __vector_3
                0x0000008e                __vector_11
                0x0000008e                __vector_17
                0x0000008e                __vector_19
                0x0000008e                __vector_7
                0x0000008e                __vector_5
                0x0000008e                __vector_4
                0x0000008e                __vector_9
                0x0000008e                __vector_2
                0x0000008e                __vector_8
                0x0000008e                __vector_14
                0x0000008e                __vector_10
                0x0000008e                __vector_16
                0x0000008e                __vector_18
                0x0000008e                __vector_20
                0x00000092                . = ALIGN (0x2)
 *(.text.*)
 .text.PersonEntered
                0x00000092        0x8 APP/APP.o
                0x00000092                PersonEntered
 .text.FirstPasswordEnter
                0x0000009a       0xea APP/APP.o
                0x0000009a                FirstPasswordEnter
 .text.check_password
                0x00000184      0x142 APP/APP.o
                0x00000184                check_password
 .text.WrongPasswordCheck
                0x000002c6       0x42 APP/APP.o
                0x000002c6                WrongPasswordCheck
 .text.DoorEntrance
                0x00000308       0x42 APP/APP.o
                0x00000308                DoorEntrance
 .text.SendConfirmation
                0x0000034a        0x8 APP/APP.o
                0x0000034a                SendConfirmation
 .text.APP_INIT
                0x00000352       0x64 APP/APP.o
                0x00000352                APP_INIT
 .text.APP_RUN  0x000003b6       0x1e APP/APP.o
                0x000003b6                APP_RUN
 .text.buzzer_init
                0x000003d4        0xc ECUAL/BUZZER/buzzer.o
                0x000003d4                buzzer_init
 .text.buzzer_on
                0x000003e0        0xc ECUAL/BUZZER/buzzer.o
                0x000003e0                buzzer_on
 .text.buzzer_off
                0x000003ec        0xc ECUAL/BUZZER/buzzer.o
                0x000003ec                buzzer_off
 .text.keypad_int
                0x000003f8       0x7a ECUAL/KEYPAD/keypad.o
                0x000003f8                keypad_int
 .text.keyad_getnumber
                0x00000472       0xd2 ECUAL/KEYPAD/keypad.o
                0x00000472                keyad_getnumber
 .text.enablePulse
                0x00000544       0x2a ECUAL/LCD/lcd.o
 .text.lcd_vidSendCmd
                0x0000056e       0x8a ECUAL/LCD/lcd.o
                0x0000056e                lcd_vidSendCmd
 .text.lcd_vidSendData
                0x000005f8       0x8a ECUAL/LCD/lcd.o
                0x000005f8                lcd_vidSendData
 .text.lcd_vidGotoRowColumn
                0x00000682       0x38 ECUAL/LCD/lcd.o
                0x00000682                lcd_vidGotoRowColumn
 .text.lcd_vidDisplyChar
                0x000006ba        0x6 ECUAL/LCD/lcd.o
                0x000006ba                lcd_vidDisplyChar
 .text.lcd_vidDisplyStr
                0x000006c0       0x1a ECUAL/LCD/lcd.o
                0x000006c0                lcd_vidDisplyStr
 .text.lcd_vidCustomWrite
                0x000006da       0x54 ECUAL/LCD/lcd.o
                0x000006da                lcd_vidCustomWrite
 .text.lcd_vidInit
                0x0000072e       0xb6 ECUAL/LCD/lcd.o
                0x0000072e                lcd_vidInit
 .text.servo_init
                0x000007e4       0x20 ECUAL/SERVO/servo.o
                0x000007e4                servo_init
 .text.servo_full_open
                0x00000804        0xa ECUAL/SERVO/servo.o
                0x00000804                servo_full_open
 .text.servo_full_close
                0x0000080e        0xa ECUAL/SERVO/servo.o
                0x0000080e                servo_full_close
 .text.main     0x00000818        0xa main.o
                0x00000818                main
 .text.dio_vidConfigChannel
                0x00000822       0xda MCAL/DIO/dio.o
                0x00000822                dio_vidConfigChannel
 .text.dio_vidWriteChannel
                0x000008fc       0xda MCAL/DIO/dio.o
                0x000008fc                dio_vidWriteChannel
 .text.dio_dioLevelReadChannel
                0x000009d6       0x5c MCAL/DIO/dio.o
                0x000009d6                dio_dioLevelReadChannel
 .text.EEPROM_write
                0x00000a32       0x18 MCAL/EEPROM/EPROM.o
                0x00000a32                EEPROM_write
 .text.EEPROM_read
                0x00000a4a       0x12 MCAL/EEPROM/EPROM.o
                0x00000a4a                EEPROM_read
 .text.EXT0_voidInit
                0x00000a5c       0x14 MCAL/INTERRUPT/EXT0/EXTI0_prog.o
                0x00000a5c                EXT0_voidInit
 .text.EXT0_voidEnable
                0x00000a70        0x8 MCAL/INTERRUPT/EXT0/EXTI0_prog.o
                0x00000a70                EXT0_voidEnable
 .text.EXT0_voidCallBack
                0x00000a78        0xe MCAL/INTERRUPT/EXT0/EXTI0_prog.o
                0x00000a78                EXT0_voidCallBack
 .text.__vector_1
                0x00000a86       0x4e MCAL/INTERRUPT/EXT0/EXTI0_prog.o
                0x00000a86                __vector_1
 .text.UART_init
                0x00000ad4       0x66 MCAL/UART/uart.o
                0x00000ad4                UART_init
 .text.UART_send_char
                0x00000b3a        0x8 MCAL/UART/uart.o
                0x00000b3a                UART_send_char
 .text.__vector_13
                0x00000b42       0x5a MCAL/UART/uart.o
                0x00000b42                __vector_13
 .text.__vector_15
                0x00000b9c       0x86 MCAL/UART/uart.o
                0x00000b9c                __vector_15
 .text.avr-libc.fplib
                0x00000c22       0x7a d:/microchip studio/7.0/toolchain/avr8/avr8-gnu-toolchain/bin/../lib/gcc/avr/5.4.0/../../../../avr/lib/avr5\libm.a(floatsisf.o)
                0x00000c22                __floatunsisf
                0x00000c26                __floatsisf
 .text.avr-libc.fplib
                0x00000c9c       0x7a d:/microchip studio/7.0/toolchain/avr8/avr8-gnu-toolchain/bin/../lib/gcc/avr/5.4.0/../../../../avr/lib/avr5\libm.a(lrint.o)
                0x00000c9c                lrint
 .text.avr-libc.fplib
                0x00000d16       0x44 d:/microchip studio/7.0/toolchain/avr8/avr8-gnu-toolchain/bin/../lib/gcc/avr/5.4.0/../../../../avr/lib/avr5\libm.a(fp_split3.o)
                0x00000d16                __fp_split3
                0x00000d26                __fp_splitA
 .text.avr-libc.fplib
                0x00000d5a        0xe d:/microchip studio/7.0/toolchain/avr8/avr8-gnu-toolchain/bin/../lib/gcc/avr/5.4.0/../../../../avr/lib/avr5\libm.a(fp_zero.o)
                0x00000d5a                __fp_zero
                0x00000d5c                __fp_szero
 .text.libgcc.div
                0x00000d68       0x44 d:/microchip studio/7.0/toolchain/avr8/avr8-gnu-toolchain/bin/../lib/gcc/avr/5.4.0/avr5\libgcc.a(_udivmodsi4.o)
                0x00000d68                __udivmodsi4
                0x00000dac                . = ALIGN (0x2)
 *(.fini9)
 .fini9         0x00000dac        0x0 d:/microchip studio/7.0/toolchain/avr8/avr8-gnu-toolchain/bin/../lib/gcc/avr/5.4.0/avr5\libgcc.a(_exit.o)
                0x00000dac                _exit
                0x00000dac                exit
 *(.fini9)
 *(.fini8)
 *(.fini8)
 *(.fini7)
 *(.fini7)
 *(.fini6)
 *(.fini6)
 *(.fini5)
 *(.fini5)
 *(.fini4)
 *(.fini4)
 *(.fini3)
 *(.fini3)
 *(.fini2)
 *(.fini2)
 *(.fini1)
 *(.fini1)
 *(.fini0)
 .fini0         0x00000dac        0x4 d:/microchip studio/7.0/toolchain/avr8/avr8-gnu-toolchain/bin/../lib/gcc/avr/5.4.0/avr5\libgcc.a(_exit.o)
 *(.fini0)
                0x00000db0                _etext = .

.data           0x00800060      0x1c8 load address 0x00000db0
                0x00800060                PROVIDE (__data_start, .)
 *(.data)
 *(.data*)
 .data.arr      0x00800060       0x10 ECUAL/KEYPAD/keypad.o
                0x00800060                arr
 .data.customChar
                0x00800070       0x40 ECUAL/LCD/lcd_cfg.o
                0x00800070                customChar
 .data.SerialTransmitBufferReader
                0x008000b0        0x2 MCAL/UART/uart.o
                0x008000b0                SerialTransmitBufferReader
 .data.SerialTransmitBuffer
                0x008000b2       0x80 MCAL/UART/uart.o
                0x008000b2                SerialTransmitBuffer
 .data.SerialBufferPointer
                0x00800132        0x2 MCAL/UART/uart.o
                0x00800132                SerialBufferPointer
 .data.SerialBuffer
                0x00800134       0x80 MCAL/UART/uart.o
                0x00800134                SerialBuffer
 *(.gnu.linkonce.d*)
 *(.rodata)
 *(.rodata*)
 .rodata.str1.1
                0x008001b4       0x74 APP/APP.o
 *(.gnu.linkonce.r*)
                0x00800228                . = ALIGN (0x2)
                0x00800228                _edata = .
                0x00800228                PROVIDE (__data_end, .)

.bss            0x00800228        0xd
                0x00800228                PROVIDE (__bss_start, .)
 *(.bss)
 *(.bss*)
 .bss.PersonEnteredFlag
                0x00800228        0x1 APP/APP.o
 .bss.PasswordCorrectFlag
                0x00800229        0x1 APP/APP.o
 .bss.flag      0x0080022a        0x1 APP/APP.o
 .bss.NewPassword
                0x0080022b        0x4 APP/APP.o
 .bss.password  0x0080022f        0x4 APP/APP.o
 *(COMMON)
 COMMON         0x00800233        0x2 MCAL/INTERRUPT/EXT0/EXTI0_prog.o
                0x00800233                x
                0x00800235                PROVIDE (__bss_end, .)
                0x00000db0                __data_load_start = LOADADDR (.data)
                0x00000f78                __data_load_end = (__data_load_start + SIZEOF (.data))

.noinit         0x00800235        0x0
                [!provide]                PROVIDE (__noinit_start, .)
 *(.noinit*)
                [!provide]                PROVIDE (__noinit_end, .)
                0x00800235                _end = .
                [!provide]                PROVIDE (__heap_start, .)

.eeprom         0x00810000        0x0
 *(.eeprom*)
                0x00810000                __eeprom_end = .

.fuse
 *(.fuse)
 *(.lfuse)
 *(.hfuse)
 *(.efuse)

.lock
 *(.lock*)

.signature
 *(.signature*)

.user_signatures
 *(.user_signatures*)

.stab
 *(.stab)

.stabstr
 *(.stabstr)

.stab.excl
 *(.stab.excl)

.stab.exclstr
 *(.stab.exclstr)

.stab.index
 *(.stab.index)

.stab.indexstr
 *(.stab.indexstr)

.comment        0x00000000       0x30
 *(.comment)
 .comment       0x00000000       0x30 APP/APP.o
                                 0x31 (size before relaxing)
 .comment       0x00000030       0x31 ECUAL/BUZZER/buzzer.o
 .comment       0x00000030       0x31 ECUAL/KEYPAD/keypad.o
 .comment       0x00000030       0x31 ECUAL/LCD/lcd.o
 .comment       0x00000030       0x31 ECUAL/LCD/lcd_cfg.o
 .comment       0x00000030       0x31 ECUAL/SERVO/servo.o
 .comment       0x00000030       0x31 main.o
 .comment       0x00000030       0x31 MCAL/DIO/dio.o
 .comment       0x00000030       0x31 MCAL/EEPROM/EPROM.o
 .comment       0x00000030       0x31 MCAL/INTERRUPT/EXT0/EXTI0_prog.o
 .comment       0x00000030       0x31 MCAL/UART/uart.o

.note.gnu.avr.deviceinfo
                0x00000000       0x3c
 .note.gnu.avr.deviceinfo
                0x00000000       0x3c D:/Microchip Studio/7.0/Packs/atmel/ATmega_DFP/1.7.374/gcc/dev/atmega32/avr5/crtatmega32.o

.note.gnu.build-id
 *(.note.gnu.build-id)

.debug
 *(.debug)

.line
 *(.line)

.debug_srcinfo
 *(.debug_srcinfo)

.debug_sfnames
 *(.debug_sfnames)

.debug_aranges  0x00000000      0x2a0
 *(.debug_aranges)
 .debug_aranges
                0x00000000       0x58 APP/APP.o
 .debug_aranges
                0x00000058       0x30 ECUAL/BUZZER/buzzer.o
 .debug_aranges
                0x00000088       0x28 ECUAL/KEYPAD/keypad.o
 .debug_aranges
                0x000000b0       0x60 ECUAL/LCD/lcd.o
 .debug_aranges
                0x00000110       0x18 ECUAL/LCD/lcd_cfg.o
 .debug_aranges
                0x00000128       0x38 ECUAL/SERVO/servo.o
 .debug_aranges
                0x00000160       0x20 main.o
 .debug_aranges
                0x00000180       0x48 MCAL/DIO/dio.o
 .debug_aranges
                0x000001c8       0x28 MCAL/EEPROM/EPROM.o
 .debug_aranges
                0x000001f0       0x48 MCAL/INTERRUPT/EXT0/EXTI0_prog.o
 .debug_aranges
                0x00000238       0x68 MCAL/UART/uart.o

.debug_pubnames
 *(.debug_pubnames)

.debug_info     0x00000000     0x2c2d
 *(.debug_info .gnu.linkonce.wi.*)
 .debug_info    0x00000000      0x4e6 D:/Microchip Studio/7.0/Packs/atmel/ATmega_DFP/1.7.374/gcc/dev/atmega32/avr5/crtatmega32.o
 .debug_info    0x000004e6      0xa4d APP/APP.o
 .debug_info    0x00000f33      0x1c8 ECUAL/BUZZER/buzzer.o
 .debug_info    0x000010fb      0x499 ECUAL/KEYPAD/keypad.o
 .debug_info    0x00001594      0xa30 ECUAL/LCD/lcd.o
 .debug_info    0x00001fc4       0x8f ECUAL/LCD/lcd_cfg.o
 .debug_info    0x00002053      0x1ed ECUAL/SERVO/servo.o
 .debug_info    0x00002240      0x1a3 main.o
 .debug_info    0x000023e3      0x2c7 MCAL/DIO/dio.o
 .debug_info    0x000026aa       0xd8 MCAL/EEPROM/EPROM.o
 .debug_info    0x00002782      0x140 MCAL/INTERRUPT/EXT0/EXTI0_prog.o
 .debug_info    0x000028c2      0x36b MCAL/UART/uart.o

.debug_abbrev   0x00000000     0x1028
 *(.debug_abbrev)
 .debug_abbrev  0x00000000      0x4a3 D:/Microchip Studio/7.0/Packs/atmel/ATmega_DFP/1.7.374/gcc/dev/atmega32/avr5/crtatmega32.o
 .debug_abbrev  0x000004a3      0x1d8 APP/APP.o
 .debug_abbrev  0x0000067b       0x87 ECUAL/BUZZER/buzzer.o
 .debug_abbrev  0x00000702      0x173 ECUAL/KEYPAD/keypad.o
 .debug_abbrev  0x00000875      0x202 ECUAL/LCD/lcd.o
 .debug_abbrev  0x00000a77       0x4b ECUAL/LCD/lcd_cfg.o
 .debug_abbrev  0x00000ac2       0xf5 ECUAL/SERVO/servo.o
 .debug_abbrev  0x00000bb7       0xd1 main.o
 .debug_abbrev  0x00000c88       0xe8 MCAL/DIO/dio.o
 .debug_abbrev  0x00000d70       0x80 MCAL/EEPROM/EPROM.o
 .debug_abbrev  0x00000df0       0xaf MCAL/INTERRUPT/EXT0/EXTI0_prog.o
 .debug_abbrev  0x00000e9f      0x189 MCAL/UART/uart.o

.debug_line     0x00000000     0x1758
 *(.debug_line .debug_line.* .debug_line_end)
 .debug_line    0x00000000      0x116 D:/Microchip Studio/7.0/Packs/atmel/ATmega_DFP/1.7.374/gcc/dev/atmega32/avr5/crtatmega32.o
 .debug_line    0x00000116      0x55c APP/APP.o
 .debug_line    0x00000672       0xaf ECUAL/BUZZER/buzzer.o
 .debug_line    0x00000721      0x297 ECUAL/KEYPAD/keypad.o
 .debug_line    0x000009b8      0x413 ECUAL/LCD/lcd.o
 .debug_line    0x00000dcb       0x5a ECUAL/LCD/lcd_cfg.o
 .debug_line    0x00000e25      0x16c ECUAL/SERVO/servo.o
 .debug_line    0x00000f91       0xa2 main.o
 .debug_line    0x00001033      0x1d6 MCAL/DIO/dio.o
 .debug_line    0x00001209       0xc0 MCAL/EEPROM/EPROM.o
 .debug_line    0x000012c9      0x100 MCAL/INTERRUPT/EXT0/EXTI0_prog.o
 .debug_line    0x000013c9      0x38f MCAL/UART/uart.o

.debug_frame    0x00000000      0x56c
 *(.debug_frame)
 .debug_frame   0x00000000       0xd8 APP/APP.o
 .debug_frame   0x000000d8       0x44 ECUAL/BUZZER/buzzer.o
 .debug_frame   0x0000011c       0x48 ECUAL/KEYPAD/keypad.o
 .debug_frame   0x00000164       0xe0 ECUAL/LCD/lcd.o
 .debug_frame   0x00000244       0x54 ECUAL/SERVO/servo.o
 .debug_frame   0x00000298       0x24 main.o
 .debug_frame   0x000002bc       0x74 MCAL/DIO/dio.o
 .debug_frame   0x00000330       0x34 MCAL/EEPROM/EPROM.o
 .debug_frame   0x00000364       0xbc MCAL/INTERRUPT/EXT0/EXTI0_prog.o
 .debug_frame   0x00000420      0x14c MCAL/UART/uart.o

.debug_str      0x00000000      0xb5d
 *(.debug_str)
 .debug_str     0x00000000      0x196 D:/Microchip Studio/7.0/Packs/atmel/ATmega_DFP/1.7.374/gcc/dev/atmega32/avr5/crtatmega32.o
 .debug_str     0x00000196      0x4e3 APP/APP.o
                                0x520 (size before relaxing)
 .debug_str     0x00000679       0xd0 ECUAL/BUZZER/buzzer.o
                                0x273 (size before relaxing)
 .debug_str     0x00000749       0x31 ECUAL/KEYPAD/keypad.o
                                0x2d2 (size before relaxing)
 .debug_str     0x0000077a       0xa1 ECUAL/LCD/lcd.o
                                0x447 (size before relaxing)
 .debug_str     0x0000081b       0x17 ECUAL/LCD/lcd_cfg.o
                                0x17b (size before relaxing)
 .debug_str     0x00000832       0x42 ECUAL/SERVO/servo.o
                                0x288 (size before relaxing)
 .debug_str     0x00000874       0x11 main.o
                                0x281 (size before relaxing)
 .debug_str     0x00000885       0xb9 MCAL/DIO/dio.o
                                0x310 (size before relaxing)
 .debug_str     0x0000093e       0x1f MCAL/EEPROM/EPROM.o
                                0x18d (size before relaxing)
 .debug_str     0x0000095d       0x69 MCAL/INTERRUPT/EXT0/EXTI0_prog.o
                                0x1e9 (size before relaxing)
 .debug_str     0x000009c6      0x197 MCAL/UART/uart.o
                                0x33a (size before relaxing)

.debug_loc      0x00000000     0x128d
 *(.debug_loc)
 .debug_loc     0x00000000      0x3f5 APP/APP.o
 .debug_loc     0x000003f5      0x158 ECUAL/KEYPAD/keypad.o
 .debug_loc     0x0000054d      0x5a6 ECUAL/LCD/lcd.o
 .debug_loc     0x00000af3       0x21 ECUAL/SERVO/servo.o
 .debug_loc     0x00000b14      0x30c MCAL/DIO/dio.o
 .debug_loc     0x00000e20       0x58 MCAL/EEPROM/EPROM.o
 .debug_loc     0x00000e78       0xcb MCAL/INTERRUPT/EXT0/EXTI0_prog.o
 .debug_loc     0x00000f43      0x34a MCAL/UART/uart.o

.debug_macinfo
 *(.debug_macinfo)

.debug_weaknames
 *(.debug_weaknames)

.debug_funcnames
 *(.debug_funcnames)

.debug_typenames
 *(.debug_typenames)

.debug_varnames
 *(.debug_varnames)

.debug_pubtypes
 *(.debug_pubtypes)

.debug_ranges   0x00000000      0x1e8
 *(.debug_ranges)
 .debug_ranges  0x00000000       0x48 APP/APP.o
 .debug_ranges  0x00000048       0x20 ECUAL/BUZZER/buzzer.o
 .debug_ranges  0x00000068       0x18 ECUAL/KEYPAD/keypad.o
 .debug_ranges  0x00000080       0x50 ECUAL/LCD/lcd.o
 .debug_ranges  0x000000d0       0x28 ECUAL/SERVO/servo.o
 .debug_ranges  0x000000f8       0x10 main.o
 .debug_ranges  0x00000108       0x38 MCAL/DIO/dio.o
 .debug_ranges  0x00000140       0x18 MCAL/EEPROM/EPROM.o
 .debug_ranges  0x00000158       0x38 MCAL/INTERRUPT/EXT0/EXTI0_prog.o
 .debug_ranges  0x00000190       0x58 MCAL/UART/uart.o

.debug_macro
 *(.debug_macro)
OUTPUT(NTI_SmartHome_Master.elf elf32-avr)
LOAD linker stubs
